test_exp208_dynamic_scalar_contract (test_apple_agx_exp208_dynamic.AppleAgxExp208DynamicTest.test_exp208_dynamic_scalar_contract) ... Assertion failed: (AppleAgxExp208PatchDynamic(image, APPLE_AGX_EXP208_IMAGE_BYTES, &input)), function test_reused_job_derives_sequence_and_does_not_touch_init_bm, file apple_agx_exp208_dynamic_test.c, line 118.
ERROR
test_completion_uses_bound_output_snapshot_after_release (test_apple_agx_render_backend_image.AppleAgxRenderBackendImageTests.test_completion_uses_bound_output_snapshot_after_release) ... ok
test_exact_exp208_image_is_materialized_rebased_and_relocated (test_apple_agx_render_backend_image.AppleAgxRenderBackendImageTests.test_exact_exp208_image_is_materialized_rebased_and_relocated) ... Assertion failed: (AdmissionBackendImageStageJob(&image,220u,1u,2u,7u,8u, APPLE_AGX_TRUE,&job)), function test_g4_native_scene_stages_and_releases, file render_backend_image_test.c, line 661.
ERROR
test_production_lifecycle_borrows_the_memory_owner_tail (test_apple_agx_render_backend_image.AppleAgxRenderBackendImageTests.test_production_lifecycle_borrows_the_memory_owner_tail) ... ok

======================================================================
ERROR: test_exp208_dynamic_scalar_contract (test_apple_agx_exp208_dynamic.AppleAgxExp208DynamicTest.test_exp208_dynamic_scalar_contract)
----------------------------------------------------------------------
Traceback (most recent call last):
  File "/Volumes/pwdev/public_windows/.worktrees/integration-ad04-windows-compiler/tests/test_apple_agx_exp208_dynamic.py", line 33, in test_exp208_dynamic_scalar_contract
    subprocess.run([str(output)], cwd=ROOT, check=True)
    ~~~~~~~~~~~~~~^^^^^^^^^^^^^^^^^^^^^^^^^^^^^^^^^^^^^
  File "/Library/Frameworks/Python.framework/Versions/3.13/lib/python3.13/subprocess.py", line 577, in run
    raise CalledProcessError(retcode, process.args,
                             output=stdout, stderr=stderr)
subprocess.CalledProcessError: Command '['/var/folders/s5/sgnkc7ws7cs5ctyqdwh_6qm40000gp/T/tmpoj4pozo0/apple_agx_exp208_dynamic_test']' died with <Signals.SIGABRT: 6>.

======================================================================
ERROR: test_exact_exp208_image_is_materialized_rebased_and_relocated (test_apple_agx_render_backend_image.AppleAgxRenderBackendImageTests.test_exact_exp208_image_is_materialized_rebased_and_relocated)
----------------------------------------------------------------------
Traceback (most recent call last):
  File "/Volumes/pwdev/public_windows/.worktrees/integration-ad04-windows-compiler/tests/test_apple_agx_render_backend_image.py", line 43, in test_exact_exp208_image_is_materialized_rebased_and_relocated
    subprocess.run([str(binary)], check=True, cwd=ROOT)
    ~~~~~~~~~~~~~~^^^^^^^^^^^^^^^^^^^^^^^^^^^^^^^^^^^^^
  File "/Library/Frameworks/Python.framework/Versions/3.13/lib/python3.13/subprocess.py", line 577, in run
    raise CalledProcessError(retcode, process.args,
                             output=stdout, stderr=stderr)
subprocess.CalledProcessError: Command '['/var/folders/s5/sgnkc7ws7cs5ctyqdwh_6qm40000gp/T/tmpakwmm9y_/render_backend_image_test']' died with <Signals.SIGABRT: 6>.

----------------------------------------------------------------------
Ran 4 tests in 2.512s

FAILED (errors=2)
